2025-10-22 16:37:59,497 - INFO - Starting crawler with 3198 URLs
2025-10-22 16:37:59,498 - INFO - [1/3198] Crawling: zoom.us
2025-10-22 16:37:59,498 - INFO - Using profile: zoom_us
2025-10-22 16:37:59,772 - INFO - ChromeDriver initialized successfully
2025-10-22 16:37:59,772 - INFO - Navigating to domain root first: https://zoom.us
2025-10-22 16:38:08,074 - INFO - Going to: https://zoom.us in 5s...
2025-10-22 16:38:25,421 - INFO - Waiting for 180 seconds...
2025-10-22 16:38:25,421 - INFO - Enter a comment for this crawl (or press Enter to skip): 
2025-10-22 16:39:25,180 - INFO - Capturing data...
2025-10-22 16:39:26,625 - INFO - Data saved: 107 cookie entries
2025-10-22 16:39:26,631 - ERROR - Error visiting https://zoom.us: name 'file_path' is not defined
2025-10-22 16:39:26,744 - ERROR - Failed to crawl zoom.us, continuing to next...
2025-10-22 16:39:26,744 - INFO - [2/3198] Crawling: tiktokv.us
2025-10-22 16:39:26,744 - INFO - Using profile: tiktokv_us
2025-10-22 16:39:27,017 - INFO - ChromeDriver initialized successfully
2025-10-22 16:39:27,017 - INFO - Navigating to domain root first: https://tiktokv.us
2025-10-22 16:39:28,072 - ERROR - Error visiting https://tiktokv.us: Message: unknown error: net::ERR_NAME_NOT_RESOLVED
  (Session info: chrome=141.0.7390.122)
Stacktrace:
#0 0x5737c64dffea <unknown>
#1 0x5737c5f5dd06 <unknown>
#2 0x5737c5f54c30 <unknown>
#3 0x5737c5f460e6 <unknown>
#4 0x5737c5f47efb <unknown>
#5 0x5737c5f46686 <unknown>
#6 0x5737c5f45e17 <unknown>
#7 0x5737c5f45ac9 <unknown>
#8 0x5737c5f43912 <unknown>
#9 0x5737c5f440ea <unknown>
#10 0x5737c5f61239 <unknown>
#11 0x5737c5ffc705 <unknown>
#12 0x5737c5fd5e12 <unknown>
#13 0x5737c5ffbb3b <unknown>
#14 0x5737c5fd5be3 <unknown>
#15 0x5737c5fa22d2 <unknown>
#16 0x5737c5fa2f91 <unknown>
#17 0x5737c64a39e8 <unknown>
#18 0x5737c64a784f <unknown>
#19 0x5737c648aec9 <unknown>
#20 0x5737c64a83f5 <unknown>
#21 0x5737c647074f <unknown>
#22 0x5737c64cccc8 <unknown>
#23 0x5737c64ccea3 <unknown>
#24 0x5737c64def83 <unknown>
#25 0x75971329caa4 <unknown>
#26 0x759713329c6c <unknown>

2025-10-22 16:39:28,152 - ERROR - Failed to crawl tiktokv.us, continuing to next...
2025-10-22 16:39:28,152 - INFO - [3/3198] Crawling: donmai.us
2025-10-22 16:39:28,152 - INFO - Using profile: donmai_us
2025-10-22 16:39:28,414 - INFO - ChromeDriver initialized successfully
2025-10-22 16:39:28,414 - INFO - Navigating to domain root first: https://donmai.us
2025-10-22 16:39:29,453 - INFO - Going to: https://donmai.us in 5s...
2025-10-22 16:39:32,858 - INFO - Waiting for 180 seconds...
2025-10-22 16:39:32,859 - INFO - Enter a comment for this crawl (or press Enter to skip): 
2025-10-22 16:42:32,859 - INFO - No input received, proceeding without comment.
2025-10-22 16:42:32,859 - INFO - Enter a comment to continue: 
2025-10-22 16:42:36,837 - WARNING - Crawler interrupted by user
2025-10-22 16:42:36,839 - WARNING - Retrying (Retry(total=2, connect=None, read=None, redirect=None, status=None)) after connection broken by 'RemoteDisconnected('Remote end closed connection without response')': /session/678b8c40031fb2bfcf4a5ef20bb6fcf6
2025-10-22 16:42:36,840 - WARNING - Retrying (Retry(total=1, connect=None, read=None, redirect=None, status=None)) after connection broken by 'NewConnectionError('<urllib3.connection.HTTPConnection object at 0x73c0743861b0>: Failed to establish a new connection: [Errno 111] Connection refused')': /session/678b8c40031fb2bfcf4a5ef20bb6fcf6
2025-10-22 16:42:36,841 - WARNING - Retrying (Retry(total=0, connect=None, read=None, redirect=None, status=None)) after connection broken by 'NewConnectionError('<urllib3.connection.HTTPConnection object at 0x73c0743846e0>: Failed to establish a new connection: [Errno 111] Connection refused')': /session/678b8c40031fb2bfcf4a5ef20bb6fcf6
2025-10-22 16:42:36,841 - INFO - Browser closed
2025-10-22 16:42:36,841 - INFO - Crawler session completed
