2025-10-22 16:23:26,833 - INFO - Starting crawler with 3198 URLs
2025-10-22 16:23:26,836 - INFO - [1/3198] Crawling: zoom.us
2025-10-22 16:23:26,836 - INFO - Using profile: zoom_us
2025-10-22 16:23:27,137 - INFO - ChromeDriver initialized successfully
2025-10-22 16:23:27,137 - INFO - Navigating to domain root first: https://zoom.us
2025-10-22 16:24:00,081 - INFO - Going to: https://zoom.us in 5s...
2025-10-22 16:24:07,111 - INFO - Waiting for 180 seconds...
2025-10-22 16:24:07,111 - INFO - Enter a comment for this crawl (or press Enter to skip): 
2025-10-22 16:25:09,334 - INFO - Capturing data...
2025-10-22 16:27:09,350 - WARNING - Retrying (Retry(total=2, connect=None, read=None, redirect=None, status=None)) after connection broken by 'ReadTimeoutError("HTTPConnectionPool(host='localhost', port=49979): Read timed out. (read timeout=120)")': /session/d95904c0ec42c4d6dd935ff73e3011ff/cookie
2025-10-22 16:27:16,709 - INFO - Data saved: 105 cookie entries
2025-10-22 16:27:16,714 - ERROR - Error visiting https://zoom.us: name 'file_path' is not defined
2025-10-22 16:27:16,861 - ERROR - Failed to crawl zoom.us, continuing to next...
2025-10-22 16:27:16,861 - INFO - [2/3198] Crawling: tiktokv.us
2025-10-22 16:27:16,861 - INFO - Using profile: tiktokv_us
2025-10-22 16:27:17,134 - INFO - ChromeDriver initialized successfully
2025-10-22 16:27:17,134 - INFO - Navigating to domain root first: https://tiktokv.us
2025-10-22 16:27:17,535 - ERROR - Error visiting https://tiktokv.us: Message: unknown error: net::ERR_NAME_NOT_RESOLVED
  (Session info: chrome=141.0.7390.122)
Stacktrace:
#0 0x55d7b0f69fea <unknown>
#1 0x55d7b09e7d06 <unknown>
#2 0x55d7b09dec30 <unknown>
#3 0x55d7b09d00e6 <unknown>
#4 0x55d7b09d1efb <unknown>
#5 0x55d7b09d0686 <unknown>
#6 0x55d7b09cfe17 <unknown>
#7 0x55d7b09cfac9 <unknown>
#8 0x55d7b09cd912 <unknown>
#9 0x55d7b09ce0ea <unknown>
#10 0x55d7b09eb239 <unknown>
#11 0x55d7b0a86705 <unknown>
#12 0x55d7b0a5fe12 <unknown>
#13 0x55d7b0a85b3b <unknown>
#14 0x55d7b0a5fbe3 <unknown>
#15 0x55d7b0a2c2d2 <unknown>
#16 0x55d7b0a2cf91 <unknown>
#17 0x55d7b0f2d9e8 <unknown>
#18 0x55d7b0f3184f <unknown>
#19 0x55d7b0f14ec9 <unknown>
#20 0x55d7b0f323f5 <unknown>
#21 0x55d7b0efa74f <unknown>
#22 0x55d7b0f56cc8 <unknown>
#23 0x55d7b0f56ea3 <unknown>
#24 0x55d7b0f68f83 <unknown>
#25 0x7dfd54e9caa4 <unknown>
#26 0x7dfd54f29c6c <unknown>

2025-10-22 16:27:17,592 - ERROR - Failed to crawl tiktokv.us, continuing to next...
2025-10-22 16:27:17,592 - INFO - [3/3198] Crawling: donmai.us
2025-10-22 16:27:17,593 - INFO - Using profile: donmai_us
2025-10-22 16:27:17,865 - INFO - ChromeDriver initialized successfully
2025-10-22 16:27:17,866 - INFO - Navigating to domain root first: https://donmai.us
2025-10-22 16:27:18,644 - INFO - Going to: https://donmai.us in 5s...
2025-10-22 16:27:22,074 - INFO - Waiting for 180 seconds...
2025-10-22 16:27:22,074 - INFO - Enter a comment for this crawl (or press Enter to skip): 
2025-10-22 16:30:22,075 - INFO - No input received, proceeding without comment.
2025-10-22 16:30:22,075 - INFO - Enter a comment to continue: 
2025-10-22 16:34:46,951 - WARNING - Crawler interrupted by user
2025-10-22 16:34:46,954 - WARNING - Retrying (Retry(total=2, connect=None, read=None, redirect=None, status=None)) after connection broken by 'ConnectionResetError(104, 'Connection reset by peer')': /session/e9b597e66ab9a4d21321d82b2f13b93e
2025-10-22 16:34:46,954 - WARNING - Retrying (Retry(total=1, connect=None, read=None, redirect=None, status=None)) after connection broken by 'NewConnectionError('<urllib3.connection.HTTPConnection object at 0x7d6d6e841fa0>: Failed to establish a new connection: [Errno 111] Connection refused')': /session/e9b597e66ab9a4d21321d82b2f13b93e
2025-10-22 16:34:46,954 - WARNING - Retrying (Retry(total=0, connect=None, read=None, redirect=None, status=None)) after connection broken by 'NewConnectionError('<urllib3.connection.HTTPConnection object at 0x7d6d6e842120>: Failed to establish a new connection: [Errno 111] Connection refused')': /session/e9b597e66ab9a4d21321d82b2f13b93e
2025-10-22 16:34:46,955 - INFO - Browser closed
2025-10-22 16:34:46,955 - INFO - Crawler session completed
