2025-10-22 16:08:23,490 - INFO - Starting crawler with 3198 URLs
2025-10-22 16:08:23,494 - INFO - [1/3198] Crawling: zoom.us
2025-10-22 16:08:23,494 - INFO - Using profile: zoom_us
2025-10-22 16:08:23,754 - INFO - ChromeDriver initialized successfully
2025-10-22 16:08:23,755 - INFO - Navigating to domain root first: https://zoom.us
2025-10-22 16:08:39,631 - INFO - Going to: https://zoom.us in 5s...
2025-10-22 16:08:47,504 - INFO - Waiting for 180 seconds...
2025-10-22 16:08:47,504 - INFO - Enter a comment for this crawl (or press Enter to skip): 
2025-10-22 16:11:47,505 - INFO - No input received, proceeding without comment.
2025-10-22 16:11:47,505 - INFO - Enter a comment to continue: 
2025-10-22 16:12:59,495 - INFO - Capturing data...
2025-10-22 16:13:06,972 - INFO - Data saved: 112 cookie entries
2025-10-22 16:13:06,972 - ERROR - Error visiting https://zoom.us: cannot access local variable 'updated' where it is not associated with a value
2025-10-22 16:13:07,082 - ERROR - Failed to crawl zoom.us, continuing to next...
2025-10-22 16:13:07,082 - INFO - [2/3198] Crawling: tiktokv.us
2025-10-22 16:13:07,083 - INFO - Using profile: tiktokv_us
2025-10-22 16:13:07,427 - INFO - ChromeDriver initialized successfully
2025-10-22 16:13:07,427 - INFO - Navigating to domain root first: https://tiktokv.us
2025-10-22 16:13:13,856 - ERROR - Error visiting https://tiktokv.us: Message: unknown error: net::ERR_NAME_NOT_RESOLVED
  (Session info: chrome=141.0.7390.122)
Stacktrace:
#0 0x567afd18efea <unknown>
#1 0x567afcc0cd06 <unknown>
#2 0x567afcc03c30 <unknown>
#3 0x567afcbf50e6 <unknown>
#4 0x567afcbf6efb <unknown>
#5 0x567afcbf5686 <unknown>
#6 0x567afcbf4e17 <unknown>
#7 0x567afcbf4ac9 <unknown>
#8 0x567afcbf2912 <unknown>
#9 0x567afcbf30ea <unknown>
#10 0x567afcc10239 <unknown>
#11 0x567afccab705 <unknown>
#12 0x567afcc84e12 <unknown>
#13 0x567afccaab3b <unknown>
#14 0x567afcc84be3 <unknown>
#15 0x567afcc512d2 <unknown>
#16 0x567afcc51f91 <unknown>
#17 0x567afd1529e8 <unknown>
#18 0x567afd15684f <unknown>
#19 0x567afd139ec9 <unknown>
#20 0x567afd1573f5 <unknown>
#21 0x567afd11f74f <unknown>
#22 0x567afd17bcc8 <unknown>
#23 0x567afd17bea3 <unknown>
#24 0x567afd18df83 <unknown>
#25 0x71ca2849caa4 <unknown>
#26 0x71ca28529c6c <unknown>

2025-10-22 16:13:13,911 - ERROR - Failed to crawl tiktokv.us, continuing to next...
2025-10-22 16:13:13,911 - INFO - [3/3198] Crawling: donmai.us
2025-10-22 16:13:13,911 - INFO - Using profile: donmai_us
2025-10-22 16:13:14,209 - INFO - ChromeDriver initialized successfully
2025-10-22 16:13:14,209 - INFO - Navigating to domain root first: https://donmai.us
2025-10-22 16:13:15,352 - INFO - Going to: https://donmai.us in 5s...
2025-10-22 16:13:18,758 - INFO - Waiting for 180 seconds...
2025-10-22 16:13:18,758 - INFO - Enter a comment for this crawl (or press Enter to skip): 
2025-10-22 16:13:52,979 - WARNING - Crawler interrupted by user
2025-10-22 16:13:52,982 - WARNING - Retrying (Retry(total=2, connect=None, read=None, redirect=None, status=None)) after connection broken by 'ConnectionResetError(104, 'Connection reset by peer')': /session/2d60b2edee9648e246b6e3c6634b88fa
2025-10-22 16:13:52,983 - WARNING - Retrying (Retry(total=1, connect=None, read=None, redirect=None, status=None)) after connection broken by 'NewConnectionError('<urllib3.connection.HTTPConnection object at 0x7a62793821e0>: Failed to establish a new connection: [Errno 111] Connection refused')': /session/2d60b2edee9648e246b6e3c6634b88fa
2025-10-22 16:13:52,984 - WARNING - Retrying (Retry(total=0, connect=None, read=None, redirect=None, status=None)) after connection broken by 'NewConnectionError('<urllib3.connection.HTTPConnection object at 0x7a6279382690>: Failed to establish a new connection: [Errno 111] Connection refused')': /session/2d60b2edee9648e246b6e3c6634b88fa
2025-10-22 16:13:52,984 - INFO - Browser closed
2025-10-22 16:13:52,984 - INFO - Crawler session completed
