2025-10-22 16:35:07,822 - INFO - Starting crawler with 3198 URLs
2025-10-22 16:35:07,823 - INFO - [1/3198] Crawling: zoom.us
2025-10-22 16:35:07,823 - INFO - Using profile: zoom_us
2025-10-22 16:35:12,848 - ERROR - Error initializing ChromeDriver: Message: Unable to obtain driver for chrome; For documentation on this error, please visit: https://www.selenium.dev/documentation/webdriver/troubleshooting/errors/driver_location

2025-10-22 16:35:12,849 - INFO - Trying fallback initialization...
2025-10-22 16:35:17,896 - ERROR - Fallback initialization also failed: Message: Unable to obtain driver for chrome; For documentation on this error, please visit: https://www.selenium.dev/documentation/webdriver/troubleshooting/errors/driver_location

2025-10-22 16:35:17,896 - ERROR - Error visiting https://zoom.us: Failed to initialize ChromeDriver
2025-10-22 16:35:17,897 - ERROR - Failed to crawl zoom.us, continuing to next...
2025-10-22 16:35:17,897 - INFO - [2/3198] Crawling: tiktokv.us
2025-10-22 16:35:17,901 - INFO - Using profile: tiktokv_us
2025-10-22 16:35:21,348 - INFO - ChromeDriver initialized successfully
2025-10-22 16:35:21,348 - INFO - Navigating to domain root first: https://tiktokv.us
2025-10-22 16:35:22,434 - ERROR - Error visiting https://tiktokv.us: Message: unknown error: net::ERR_NAME_NOT_RESOLVED
  (Session info: chrome=141.0.7390.122)
Stacktrace:
#0 0x5fbad0ed0fea <unknown>
#1 0x5fbad094ed06 <unknown>
#2 0x5fbad0945c30 <unknown>
#3 0x5fbad09370e6 <unknown>
#4 0x5fbad0938efb <unknown>
#5 0x5fbad0937686 <unknown>
#6 0x5fbad0936e17 <unknown>
#7 0x5fbad0936ac9 <unknown>
#8 0x5fbad0934912 <unknown>
#9 0x5fbad09350ea <unknown>
#10 0x5fbad0952239 <unknown>
#11 0x5fbad09ed705 <unknown>
#12 0x5fbad09c6e12 <unknown>
#13 0x5fbad09ecb3b <unknown>
#14 0x5fbad09c6be3 <unknown>
#15 0x5fbad09932d2 <unknown>
#16 0x5fbad0993f91 <unknown>
#17 0x5fbad0e949e8 <unknown>
#18 0x5fbad0e9884f <unknown>
#19 0x5fbad0e7bec9 <unknown>
#20 0x5fbad0e993f5 <unknown>
#21 0x5fbad0e6174f <unknown>
#22 0x5fbad0ebdcc8 <unknown>
#23 0x5fbad0ebdea3 <unknown>
#24 0x5fbad0ecff83 <unknown>
#25 0x7714a4c9caa4 <unknown>
#26 0x7714a4d29c6c <unknown>

2025-10-22 16:35:22,512 - ERROR - Failed to crawl tiktokv.us, continuing to next...
2025-10-22 16:35:22,512 - INFO - [3/3198] Crawling: donmai.us
2025-10-22 16:35:22,512 - INFO - Using profile: donmai_us
2025-10-22 16:35:22,780 - INFO - ChromeDriver initialized successfully
2025-10-22 16:35:22,780 - INFO - Navigating to domain root first: https://donmai.us
2025-10-22 16:35:23,777 - INFO - Going to: https://donmai.us in 5s...
2025-10-22 16:35:27,190 - INFO - Waiting for 180 seconds...
2025-10-22 16:35:27,190 - INFO - Enter a comment for this crawl (or press Enter to skip): 
2025-10-22 16:37:50,948 - WARNING - Crawler interrupted by user
2025-10-22 16:37:50,950 - WARNING - Retrying (Retry(total=2, connect=None, read=None, redirect=None, status=None)) after connection broken by 'ConnectionResetError(104, 'Connection reset by peer')': /session/0b6009b55fa408752fcd8204205e69c9
2025-10-22 16:37:50,950 - WARNING - Retrying (Retry(total=1, connect=None, read=None, redirect=None, status=None)) after connection broken by 'NewConnectionError('<urllib3.connection.HTTPConnection object at 0x79287138ae70>: Failed to establish a new connection: [Errno 111] Connection refused')': /session/0b6009b55fa408752fcd8204205e69c9
2025-10-22 16:37:50,951 - WARNING - Retrying (Retry(total=0, connect=None, read=None, redirect=None, status=None)) after connection broken by 'NewConnectionError('<urllib3.connection.HTTPConnection object at 0x792870f0e5d0>: Failed to establish a new connection: [Errno 111] Connection refused')': /session/0b6009b55fa408752fcd8204205e69c9
2025-10-22 16:37:50,951 - INFO - Browser closed
2025-10-22 16:37:50,951 - INFO - Crawler session completed
