2025-10-22 16:53:12,398 - INFO - Starting crawler with 3198 URLs
2025-10-22 16:53:12,399 - INFO - [1/3198] Crawling: zoom.us
2025-10-22 16:53:12,400 - INFO - Using profile: zoom_us
2025-10-22 16:53:12,662 - INFO - ChromeDriver initialized successfully
2025-10-22 16:53:12,662 - INFO - Navigating to domain root first: https://zoom.us
2025-10-22 16:53:27,507 - INFO - Waiting for 120 seconds...
2025-10-22 16:53:27,507 - INFO - Enter a comment for this crawl (or press Enter to skip): 
2025-10-22 16:54:36,554 - INFO - Capturing data...
2025-10-22 16:54:39,973 - INFO - Captured 652 requests with 0 cookies set via network activity
2025-10-22 16:54:39,979 - INFO - Data saved: 76 cookie entries
2025-10-22 16:54:39,979 - ERROR - Error visiting https://zoom.us: cannot access local variable 'csv' where it is not associated with a value
2025-10-22 16:54:40,090 - ERROR - Error updating CSV: cannot access local variable 'csv' where it is not associated with a value
2025-10-22 16:54:40,090 - ERROR - Failed to crawl zoom.us, continuing to next...
2025-10-22 16:54:40,091 - INFO - [2/3198] Crawling: tiktokv.us
2025-10-22 16:54:40,091 - INFO - Using profile: tiktokv_us
2025-10-22 16:54:40,375 - INFO - ChromeDriver initialized successfully
2025-10-22 16:54:40,375 - INFO - Navigating to domain root first: https://tiktokv.us
2025-10-22 16:54:46,676 - ERROR - Error visiting https://tiktokv.us: Message: unknown error: net::ERR_NAME_NOT_RESOLVED
  (Session info: chrome=141.0.7390.122)
Stacktrace:
#0 0x57546cc7efea <unknown>
#1 0x57546c6fcd06 <unknown>
#2 0x57546c6f3c30 <unknown>
#3 0x57546c6e50e6 <unknown>
#4 0x57546c6e6efb <unknown>
#5 0x57546c6e5686 <unknown>
#6 0x57546c6e4e17 <unknown>
#7 0x57546c6e4ac9 <unknown>
#8 0x57546c6e2912 <unknown>
#9 0x57546c6e30ea <unknown>
#10 0x57546c700239 <unknown>
#11 0x57546c79b705 <unknown>
#12 0x57546c774e12 <unknown>
#13 0x57546c79ab3b <unknown>
#14 0x57546c774be3 <unknown>
#15 0x57546c7412d2 <unknown>
#16 0x57546c741f91 <unknown>
#17 0x57546cc429e8 <unknown>
#18 0x57546cc4684f <unknown>
#19 0x57546cc29ec9 <unknown>
#20 0x57546cc473f5 <unknown>
#21 0x57546cc0f74f <unknown>
#22 0x57546cc6bcc8 <unknown>
#23 0x57546cc6bea3 <unknown>
#24 0x57546cc7df83 <unknown>
#25 0x7432a6e9caa4 <unknown>
#26 0x7432a6f29c6c <unknown>

2025-10-22 16:54:46,724 - ERROR - Error updating CSV: cannot access local variable 'csv' where it is not associated with a value
2025-10-22 16:54:46,724 - ERROR - Failed to crawl tiktokv.us, continuing to next...
2025-10-22 16:54:46,724 - INFO - [3/3198] Crawling: donmai.us
2025-10-22 16:54:46,724 - INFO - Using profile: donmai_us
2025-10-22 16:54:47,025 - INFO - ChromeDriver initialized successfully
2025-10-22 16:54:47,026 - INFO - Navigating to domain root first: https://donmai.us
2025-10-22 16:54:48,030 - INFO - Waiting for 120 seconds...
2025-10-22 16:54:48,030 - INFO - Enter a comment for this crawl (or press Enter to skip): 
2025-10-22 16:54:57,804 - WARNING - Crawler interrupted by user
2025-10-22 16:54:57,807 - WARNING - Retrying (Retry(total=2, connect=None, read=None, redirect=None, status=None)) after connection broken by 'ConnectionResetError(104, 'Connection reset by peer')': /session/903b36c469cc29a2b9d24e0d76eb4a7a
2025-10-22 16:54:57,808 - WARNING - Retrying (Retry(total=1, connect=None, read=None, redirect=None, status=None)) after connection broken by 'NewConnectionError('<urllib3.connection.HTTPConnection object at 0x7d0901b26600>: Failed to establish a new connection: [Errno 111] Connection refused')': /session/903b36c469cc29a2b9d24e0d76eb4a7a
2025-10-22 16:54:57,809 - WARNING - Retrying (Retry(total=0, connect=None, read=None, redirect=None, status=None)) after connection broken by 'NewConnectionError('<urllib3.connection.HTTPConnection object at 0x7d0901b27530>: Failed to establish a new connection: [Errno 111] Connection refused')': /session/903b36c469cc29a2b9d24e0d76eb4a7a
2025-10-22 16:54:57,809 - INFO - Browser closed
2025-10-22 16:54:57,810 - INFO - Crawler session completed
