2025-10-23 09:38:24,470 - INFO - Starting crawler with 3198 URLs
2025-10-23 09:38:24,472 - INFO - [1/3198] Crawling: zoom.us
2025-10-23 09:38:24,472 - INFO - Using profile: zoom_us
2025-10-23 09:38:24,759 - INFO - ChromeDriver initialized successfully
2025-10-23 09:38:24,759 - INFO - Navigating to domain root first: https://zoom.us
2025-10-23 09:38:26,879 - INFO - Waiting for 120 seconds...
2025-10-23 09:38:26,880 - INFO - Enter a comment for this crawl (or press Enter to skip): 
2025-10-23 09:40:26,882 - INFO - No input received, proceeding without comment.
2025-10-23 09:40:26,883 - INFO - Enter a comment to continue: 
2025-10-23 09:40:44,984 - INFO - Capturing data...
2025-10-23 09:40:54,866 - INFO - Captured 1096 requests with 0 cookies set via network activity
2025-10-23 09:40:54,898 - INFO - Data saved: 115 cookie entries with request associations
2025-10-23 09:40:54,899 - ERROR - Error visiting https://zoom.us: cannot access local variable 'csv' where it is not associated with a value
2025-10-23 09:40:55,012 - ERROR - Error updating CSV: cannot access local variable 'csv' where it is not associated with a value
2025-10-23 09:40:55,012 - ERROR - Failed to crawl zoom.us, continuing to next...
2025-10-23 09:40:55,014 - INFO - [2/3198] Crawling: tiktokv.us
2025-10-23 09:40:55,014 - INFO - Using profile: tiktokv_us
2025-10-23 09:40:55,334 - INFO - ChromeDriver initialized successfully
2025-10-23 09:40:55,334 - INFO - Navigating to domain root first: https://tiktokv.us
2025-10-23 09:40:55,454 - ERROR - Error visiting https://tiktokv.us: Message: unknown error: net::ERR_NAME_NOT_RESOLVED
  (Session info: chrome=141.0.7390.122)
Stacktrace:
#0 0x6163ee663fea <unknown>
#1 0x6163ee0e1d06 <unknown>
#2 0x6163ee0d8c30 <unknown>
#3 0x6163ee0ca0e6 <unknown>
#4 0x6163ee0cbefb <unknown>
#5 0x6163ee0ca686 <unknown>
#6 0x6163ee0c9e17 <unknown>
#7 0x6163ee0c9ac9 <unknown>
#8 0x6163ee0c7912 <unknown>
#9 0x6163ee0c80ea <unknown>
#10 0x6163ee0e5239 <unknown>
#11 0x6163ee180705 <unknown>
#12 0x6163ee159e12 <unknown>
#13 0x6163ee17fb3b <unknown>
#14 0x6163ee159be3 <unknown>
#15 0x6163ee1262d2 <unknown>
#16 0x6163ee126f91 <unknown>
#17 0x6163ee6279e8 <unknown>
#18 0x6163ee62b84f <unknown>
#19 0x6163ee60eec9 <unknown>
#20 0x6163ee62c3f5 <unknown>
#21 0x6163ee5f474f <unknown>
#22 0x6163ee650cc8 <unknown>
#23 0x6163ee650ea3 <unknown>
#24 0x6163ee662f83 <unknown>
#25 0x742ac349caa4 <unknown>
#26 0x742ac3529c6c <unknown>

2025-10-23 09:40:55,517 - ERROR - Error updating CSV: cannot access local variable 'csv' where it is not associated with a value
2025-10-23 09:40:55,517 - ERROR - Failed to crawl tiktokv.us, continuing to next...
2025-10-23 09:40:55,517 - INFO - [3/3198] Crawling: donmai.us
2025-10-23 09:40:55,518 - INFO - Using profile: donmai_us
2025-10-23 09:40:55,816 - INFO - ChromeDriver initialized successfully
2025-10-23 09:40:55,816 - INFO - Navigating to domain root first: https://donmai.us
2025-10-23 09:40:56,511 - INFO - Waiting for 120 seconds...
2025-10-23 09:40:56,511 - INFO - Enter a comment for this crawl (or press Enter to skip): 
2025-10-23 09:42:56,511 - INFO - No input received, proceeding without comment.
2025-10-23 09:42:56,512 - INFO - Enter a comment to continue: 
2025-10-23 09:45:17,707 - WARNING - Crawler interrupted by user
2025-10-23 09:45:17,714 - WARNING - Retrying (Retry(total=2, connect=None, read=None, redirect=None, status=None)) after connection broken by 'ConnectionResetError(104, 'Connection reset by peer')': /session/4a98501d28b007eb65d0a24d1e7477bf
2025-10-23 09:45:17,716 - WARNING - Retrying (Retry(total=1, connect=None, read=None, redirect=None, status=None)) after connection broken by 'NewConnectionError('<urllib3.connection.HTTPConnection object at 0x7466b118bb90>: Failed to establish a new connection: [Errno 111] Connection refused')': /session/4a98501d28b007eb65d0a24d1e7477bf
2025-10-23 09:45:17,716 - WARNING - Retrying (Retry(total=0, connect=None, read=None, redirect=None, status=None)) after connection broken by 'NewConnectionError('<urllib3.connection.HTTPConnection object at 0x7466b118bb00>: Failed to establish a new connection: [Errno 111] Connection refused')': /session/4a98501d28b007eb65d0a24d1e7477bf
2025-10-23 09:45:17,716 - INFO - Browser closed
2025-10-23 09:45:17,717 - INFO - Crawler session completed
